[    1776ms] [INFO] %cDownload the React DevTools for a better development experience: https://react.dev/link/react-devtools font-weight:bold @ http://localhost:3000/_next/static/chunks/node_modules_next_dist_1e8vcs8._.js:776
[    2285ms] [LOG] [HMR] connected @ http://localhost:3000/_next/static/chunks/node_modules_next_dist_1e8vcs8._.js:776
[    2345ms] [ERROR] %c%s%c [db] findUnique failed: code=P2021 → 8704         return await __TURBOPACK__imported__module__$5b$project$5d2f$src$2f$lib$2f$db$2e$ts__$5b$app$2d$rsc$5d$__$28$ecmascript$29$__["db"].pageMeta.findUnique( | The table `public.PageMeta` does not exist in the current database. background: #e6e6e6;background: light-dark(rgba(0,0,0,0.1), rgba(255,255,255,0.25));color: #000000;color: light-dark(#000000, #ffffff);border-radius: 2px  Server   @ http://localhost:3000/_next/static/chunks/node_modules_next_dist_1e8vcs8._.js:1052
[    2389ms] [ERROR] %c%s%c [db] findUnique failed: code=P2021 → 3464         const row = await __TURBOPACK__imported__module__$5b$project$5d2f$src$2f$lib$2f$db$2e$ts__$5b$app$2d$rsc$5d$__$28$ecmascript$29$__["db"].pageLayout.findUnique( | The table `public.PageLayout` does not exist in the current database. background: #e6e6e6;background: light-dark(rgba(0,0,0,0.1), rgba(255,255,255,0.25));color: #000000;color: light-dark(#000000, #ffffff);border-radius: 2px  Server   @ http://localhost:3000/_next/static/chunks/node_modules_next_dist_1e8vcs8._.js:1052
[    3253ms] [LOG] [Fast Refresh] rebuilding @ http://localhost:3000/_next/static/chunks/node_modules_next_dist_1e8vcs8._.js:776
[    3256ms] [WARNING] Image with src "/logo-header.webp" was detected as the Largest Contentful Paint (LCP). Please add the `loading="eager"` property if this image is above the fold.
Read more: https://nextjs.org/docs/app/api-reference/components/image#loading @ http://localhost:3000/_next/static/chunks/node_modules_next_dist_1e8vcs8._.js:776
[    3593ms] [LOG] [Fast Refresh] done in 473ms @ http://localhost:3000/_next/static/chunks/node_modules_next_dist_1e8vcs8._.js:776
[    3825ms] [LOG] [Fast Refresh] rebuilding @ http://localhost:3000/_next/static/chunks/node_modules_next_dist_1e8vcs8._.js:776
[    4385ms] [LOG] [Fast Refresh] done in 671ms @ http://localhost:3000/_next/static/chunks/node_modules_next_dist_1e8vcs8._.js:776
[    5657ms] [WARNING] Image with src "/products/bracciali-in-vetro-di-murano/bracciale-rame-di-mezzanotte-ca793a.png" was detected as the Largest Contentful Paint (LCP). Please add the `loading="eager"` property if this image is above the fold.
Read more: https://nextjs.org/docs/app/api-reference/components/image#loading @ http://localhost:3000/_next/static/chunks/node_modules_next_dist_1e8vcs8._.js:776
[    5979ms] [WARNING] Image with src "/products/orecchini-in-vetro-di-murano/orecchini-blu-profondo-fa4c96.png" was detected as the Largest Contentful Paint (LCP). Please add the `loading="eager"` property if this image is above the fold.
Read more: https://nextjs.org/docs/app/api-reference/components/image#loading @ http://localhost:3000/_next/static/chunks/node_modules_next_dist_1e8vcs8._.js:776
[   10841ms] [LOG] [Fast Refresh] rebuilding @ http://localhost:3000/_next/static/chunks/node_modules_next_dist_1e8vcs8._.js:776
[   11160ms] [LOG] [Fast Refresh] done in 420ms @ http://localhost:3000/_next/static/chunks/node_modules_next_dist_1e8vcs8._.js:776
[   13682ms] [LOG] [Fast Refresh] rebuilding @ http://localhost:3000/_next/static/chunks/node_modules_next_dist_1e8vcs8._.js:776
[   13700ms] [LOG] [Fast Refresh] done in 118ms @ http://localhost:3000/_next/static/chunks/node_modules_next_dist_1e8vcs8._.js:776
[   13903ms] [LOG] [Fast Refresh] rebuilding @ http://localhost:3000/_next/static/chunks/node_modules_next_dist_1e8vcs8._.js:776
[   13969ms] [LOG] [Fast Refresh] done in 166ms @ http://localhost:3000/_next/static/chunks/node_modules_next_dist_1e8vcs8._.js:776
[   16503ms] [LOG] [Fast Refresh] rebuilding @ http://localhost:3000/_next/static/chunks/node_modules_next_dist_1e8vcs8._.js:776
[   16508ms] [LOG] [Fast Refresh] done in 105ms @ http://localhost:3000/_next/static/chunks/node_modules_next_dist_1e8vcs8._.js:776
[   18584ms] [LOG] [Fast Refresh] rebuilding @ http://localhost:3000/_next/static/chunks/node_modules_next_dist_1e8vcs8._.js:776
[   18979ms] [LOG] [Fast Refresh] done in 495ms @ http://localhost:3000/_next/static/chunks/node_modules_next_dist_1e8vcs8._.js:776
[   20725ms] [LOG] [Fast Refresh] rebuilding @ http://localhost:3000/_next/static/chunks/node_modules_next_dist_1e8vcs8._.js:776
[   20732ms] [LOG] [Fast Refresh] done in 106ms @ http://localhost:3000/_next/static/chunks/node_modules_next_dist_1e8vcs8._.js:776
[   20933ms] [LOG] [Fast Refresh] rebuilding @ http://localhost:3000/_next/static/chunks/node_modules_next_dist_1e8vcs8._.js:776
[   21080ms] [LOG] [Fast Refresh] done in 248ms @ http://localhost:3000/_next/static/chunks/node_modules_next_dist_1e8vcs8._.js:776
[   23586ms] [LOG] [Fast Refresh] rebuilding @ http://localhost:3000/_next/static/chunks/node_modules_next_dist_1e8vcs8._.js:776
[   23652ms] [LOG] [Fast Refresh] done in 165ms @ http://localhost:3000/_next/static/chunks/node_modules_next_dist_1e8vcs8._.js:776
[   23856ms] [LOG] [Fast Refresh] rebuilding @ http://localhost:3000/_next/static/chunks/node_modules_next_dist_1e8vcs8._.js:776
[   24414ms] [LOG] [Fast Refresh] done in 662ms @ http://localhost:3000/_next/static/chunks/node_modules_next_dist_1e8vcs8._.js:776
[   25534ms] [LOG] [Fast Refresh] rebuilding @ http://localhost:3000/_next/static/chunks/node_modules_next_dist_1e8vcs8._.js:776
[   25751ms] [LOG] [Fast Refresh] done in 318ms @ http://localhost:3000/_next/static/chunks/node_modules_next_dist_1e8vcs8._.js:776
[  153084ms] [LOG] [Fast Refresh] rebuilding @ http://localhost:3000/_next/static/chunks/node_modules_next_dist_1e8vcs8._.js:776
[  153296ms] [LOG] [Fast Refresh] done in 312ms @ http://localhost:3000/_next/static/chunks/node_modules_next_dist_1e8vcs8._.js:776
[  183974ms] [LOG] [Fast Refresh] rebuilding @ http://localhost:3000/_next/static/chunks/node_modules_next_dist_1e8vcs8._.js:776
[  184472ms] [LOG] [Fast Refresh] done in 604ms @ http://localhost:3000/_next/static/chunks/node_modules_next_dist_1e8vcs8._.js:776
[  211938ms] [LOG] [Fast Refresh] rebuilding @ http://localhost:3000/_next/static/chunks/node_modules_next_dist_1e8vcs8._.js:776
[  212195ms] [LOG] [Fast Refresh] done in 356ms @ http://localhost:3000/_next/static/chunks/node_modules_next_dist_1e8vcs8._.js:776
[  433987ms] [LOG] [Fast Refresh] rebuilding @ http://localhost:3000/_next/static/chunks/node_modules_next_dist_1e8vcs8._.js:776
[  434263ms] [LOG] [Fast Refresh] done in 378ms @ http://localhost:3000/_next/static/chunks/node_modules_next_dist_1e8vcs8._.js:776
[  434463ms] [LOG] [Fast Refresh] rebuilding @ http://localhost:3000/_next/static/chunks/node_modules_next_dist_1e8vcs8._.js:776
[  434673ms] [LOG] [Fast Refresh] done in 310ms @ http://localhost:3000/_next/static/chunks/node_modules_next_dist_1e8vcs8._.js:776
[  442094ms] [LOG] [Fast Refresh] rebuilding @ http://localhost:3000/_next/static/chunks/node_modules_next_dist_1e8vcs8._.js:776
[  442184ms] [LOG] [Fast Refresh] done in 190ms @ http://localhost:3000/_next/static/chunks/node_modules_next_dist_1e8vcs8._.js:776
[  474238ms] [LOG] [Fast Refresh] rebuilding @ http://localhost:3000/_next/static/chunks/node_modules_next_dist_1e8vcs8._.js:776
[  475068ms] [LOG] [Fast Refresh] done in 929ms @ http://localhost:3000/_next/static/chunks/node_modules_next_dist_1e8vcs8._.js:776
[  570253ms] [LOG] [Fast Refresh] rebuilding @ http://localhost:3000/_next/static/chunks/node_modules_next_dist_1e8vcs8._.js:776
[  581297ms] [LOG] [Fast Refresh] done in 11059ms @ http://localhost:3000/_next/static/chunks/node_modules_next_dist_1e8vcs8._.js:776
[  581426ms] [LOG] [Fast Refresh] done in 11059ms @ http://localhost:3000/_next/static/chunks/node_modules_next_dist_1e8vcs8._.js:776
[  581804ms] [LOG] [Fast Refresh] done in 11059ms @ http://localhost:3000/_next/static/chunks/node_modules_next_dist_1e8vcs8._.js:776
[  583959ms] [ERROR] %c%s%c [db] findUnique failed: code=P2021 → 8704         return await __TURBOPACK__imported__module__$5b$project$5d2f$src$2f$lib$2f$db$2e$ts__$5b$app$2d$rsc$5d$__$28$ecmascript$29$__["db"].pageMeta.findUnique( | The table `public.PageMeta` does not exist in the current database. background: #e6e6e6;background: light-dark(rgba(0,0,0,0.1), rgba(255,255,255,0.25));color: #000000;color: light-dark(#000000, #ffffff);border-radius: 2px  Server   @ http://localhost:3000/_next/static/chunks/node_modules_next_dist_1e8vcs8._.js:1052
[  584364ms] [LOG] [Fast Refresh] rebuilding @ http://localhost:3000/_next/static/chunks/node_modules_next_dist_1e8vcs8._.js:776
[  584745ms] [LOG] [Fast Refresh] done in 481ms @ http://localhost:3000/_next/static/chunks/node_modules_next_dist_1e8vcs8._.js:776
[  585333ms] [ERROR] %c%s%c [db] findUnique failed: code=P2021 → 3464         const row = await __TURBOPACK__imported__module__$5b$project$5d2f$src$2f$lib$2f$db$2e$ts__$5b$app$2d$rsc$5d$__$28$ecmascript$29$__["db"].pageLayout.findUnique( | The table `public.PageLayout` does not exist in the current database. background: #e6e6e6;background: light-dark(rgba(0,0,0,0.1), rgba(255,255,255,0.25));color: #000000;color: light-dark(#000000, #ffffff);border-radius: 2px  Server   @ http://localhost:3000/_next/static/chunks/node_modules_next_dist_1e8vcs8._.js:1052
[  591933ms] [LOG] [Fast Refresh] rebuilding @ http://localhost:3000/_next/static/chunks/node_modules_next_dist_1e8vcs8._.js:776
[  592162ms] [LOG] [Fast Refresh] done in 329ms @ http://localhost:3000/_next/static/chunks/node_modules_next_dist_1e8vcs8._.js:776
[  647618ms] [LOG] [Fast Refresh] rebuilding @ http://localhost:3000/_next/static/chunks/node_modules_next_dist_1e8vcs8._.js:776
[  649714ms] [LOG] [Fast Refresh] done in 2077ms @ http://localhost:3000/_next/static/chunks/node_modules_next_dist_1e8vcs8._.js:776
[  650009ms] [LOG] [Fast Refresh] done in 2077ms @ http://localhost:3000/_next/static/chunks/node_modules_next_dist_1e8vcs8._.js:776
[  651680ms] [ERROR] %c%s%c [db] findFirst failed: code=ETIMEDOUT   15815     try { | → 15816         const settings = await __TURBOPACK__imported__module__$5b$project$5d2f$src$2f$lib$2f$db$2e$ts__$5b$app$2d$rsc$5d$__$28$ecmascript$29$__["db"].storeSettings.findFirst( background: #e6e6e6;background: light-dark(rgba(0,0,0,0.1), rgba(255,255,255,0.25));color: #000000;color: light-dark(#000000, #ffffff);border-radius: 2px  Server   @ http://localhost:3000/_next/static/chunks/node_modules_next_dist_1e8vcs8._.js:1052
[  651683ms] [WARNING] %c%s%c Store settings unavailable; using fallback defaults. background: #e6e6e6;background: light-dark(rgba(0,0,0,0.1), rgba(255,255,255,0.25));color: #000000;color: light-dark(#000000, #ffffff);border-radius: 2px  Server   PrismaClientKnownRequestError: 
Invalid `__TURBOPACK__imported__module__$5b$project$5d2f$src$2f$lib$2f$db$2e$ts__$5b$app$2d$rsc$5d$__$28$ecmascript$29$__["db"].storeSettings.findFirst()` invocation in
/home/daniel/Desktop/E-Commerce/.next/dev/server/chunks/ssr/[root-of-the-server]__1l0grja._.js:15816:165

  15813 };
  15814 const getStoreSettings = (0, __TURBOPACK__imported__module__$5b$project$5d2f$node_modules$2f$next$2f$dist$2f$server$2f$route$2d$modules$2f$app$2d$page$2f$vendored$2f$rsc$2f$react$2e$js__$5b$app$2d$rsc$5d$__$28$ecmascript$29$__["cache"])(async ()=>{
  15815     try {
→ 15816         const settings = await __TURBOPACK__imported__module__$5b$project$5d2f$src$2f$lib$2f$db$2e$ts__$5b$app$2d$rsc$5d$__$28$ecmascript$29$__["db"].storeSettings.findFirst(

    at Array.$allOperations (about://React/Server/file:///home/daniel/Desktop/E-Commerce/.next/dev/server/chunks/ssr/%5Broot-of-the-server%5D__1l0grja._.js?405:4088:28)
    at <anonymous> (about://React/Server/file:///home/daniel/Desktop/E-Commerce/.next/dev/server/chunks/ssr/%5Broot-of-the-server%5D__1l0grja._.js?404:15816:26)
    at resolveErrorDev (http://localhost:3000/_next/static/chunks/node_modules_next_dist_compiled_react-server-dom-turbopack_164kp-6._.js:1937:105)
    at getOutlinedModel (http://localhost:3000/_next/static/chunks/node_modules_next_dist_compiled_react-server-dom-turbopack_164kp-6._.js:1487:28)
    at parseModelString (http://localhost:3000/_next/static/chunks/node_modules_next_dist_compiled_react-server-dom-turbopack_164kp-6._.js:1602:50)
    at reviveModel (http://localhost:3000/_next/static/chunks/node_modules_next_dist_compiled_react-server-dom-turbopack_164kp-6._.js:2544:66)
    at parseModel (http://localhost:3000/_next/static/chunks/node_modules_next_dist_compiled_react-server-dom-turbopack_164kp-6._.js:2539:16)
    at initializeModelChunk (http://localhost:3000/_next/static/chunks/node_modules_next_dist_compiled_react-server-dom-turbopack_164kp-6._.js:1100:25)
    at getOutlinedModel (http://localhost:3000/_next/static/chunks/node_modules_next_dist_compiled_react-server-dom-turbopack_164kp-6._.js:1423:17)
    at parseModelString (http://localhost:3000/_next/static/chunks/node_modules_next_dist_compiled_react-server-dom-turbopack_164kp-6._.js:1657:50)
    at reviveModel (http://localhost:3000/_next/static/chunks/node_modules_next_dist_compiled_react-server-dom-turbopack_164kp-6._.js:2544:66)
    at reviveModel (http://localhost:3000/_next/static/chunks/node_modules_next_dist_compiled_react-server-dom-turbopack_164kp-6._.js:2547:61)
    at parseModel (http://localhost:3000/_next/static/chunks/node_modules_next_dist_compiled_react-server-dom-turbopack_164kp-6._.js:2539:16)
    at initializeModelChunk (http://localhost:3000/_next/static/chunks/node_modules_next_dist_compiled_react-server-dom-turbopack_164kp-6._.js:1100:25)
    at resolveConsoleEntry (http://localhost:3000/_next/static/chunks/node_modules_next_dist_compiled_react-server-dom-turbopack_164kp-6._.js:2069:96)
    at processFullStringRow (http://localhost:3000/_next/static/chunks/node_modules_next_dist_compiled_react-server-dom-turbopack_164kp-6._.js:2475:17)
    at processFullBinaryRow (http://localhost:3000/_next/static/chunks/node_modules_next_dist_compiled_react-server-dom-turbopack_164kp-6._.js:2415:9)
    at processBinaryChunk (http://localhost:3000/_next/static/chunks/node_modules_next_dist_compiled_react-server-dom-turbopack_164kp-6._.js:2524:221)
    at progress (http://localhost:3000/_next/static/chunks/node_modules_next_dist_compiled_react-server-dom-turbopack_164kp-6._.js:2698:20) @ http://localhost:3000/_next/static/chunks/node_modules_next_dist_1e8vcs8._.js:776
[  651686ms] [ERROR] %c%s%c [db] findMany failed: code=ETIMEDOUT   6236 Promise.all([ | → 6237     __TURBOPACK__imported__module__$5b$project$5d2f$src$2f$lib$2f$db$2e$ts__$5b$app$2d$rsc$5d$__$28$ecmascript$29$__["db"].product.findMany( background: #e6e6e6;background: light-dark(rgba(0,0,0,0.1), rgba(255,255,255,0.25));color: #000000;color: light-dark(#000000, #ffffff);border-radius: 2px  Server   @ http://localhost:3000/_next/static/chunks/node_modules_next_dist_1e8vcs8._.js:1052
[  651687ms] [ERROR] %c%s%c revalidating cache with key: async ()=>{
    const [products, specialSelectionCandidates, categories, heroProduct, topSellingItems, reviews, popularByType] = await Promise.all([
        __TURBOPACK__imported__module__$5b$project$5d2f$src$2f$lib$2f$db$2e$ts__$5b$app$2d$rsc$5d$__$28$ecmascript$29$__["db"].product.findMany({
            where: {
                active: true,
                unlisted: false
            },
            take: 8,
            orderBy: {
                createdAt: "desc"
            },
            include: {
                images: {
                    take: 1,
                    orderBy: {
                        position: "asc"
                    }
                }
            }
        }),
        // A generous candidate pool (compareAtPrice set at all) — the real
        // "> price" and "deepest discount first" filtering happens in JS via
        // pickSpecialSelection, since Prisma can't compare two columns
        // against each other in a `where`.
        __TURBOPACK__imported__module__$5b$project$5d2f$src$2f$lib$2f$db$2e$ts__$5b$app$2d$rsc$5d$__$28$ecmascript$29$__["db"].product.findMany({
            where: {
                active: true,
                unlisted: false,
                compareAtPrice: {
                    not: null
                }
            },
            take: 24,
            orderBy: {
                updatedAt: "desc"
            },
            include: {
                images: {
                    take: 1,
                    orderBy: {
                        position: "asc"
                    }
                }
            }
        }),
        __TURBOPACK__imported__module__$5b$project$5d2f$src$2f$lib$2f$db$2e$ts__$5b$app$2d$rsc$5d$__$28$ecmascript$29$__["db"].category.findMany({
            where: {
                parentId: null
            },
            orderBy: {
                name: "asc"
            },
            take: 6
        }),
        // Null whenever the piece is missing, deactivated, unlisted or has no
        // photo — the hero card then simply never appears, rather than
        // rendering a placeholder for a product nobody can buy.
        __TURBOPACK__imported__module__$5b$project$5d2f$src$2f$lib$2f$db$2e$ts__$5b$app$2d$rsc$5d$__$28$ecmascript$29$__["db"].product.findFirst({
            where: {
                slug: HERO_VIDEO_PRODUCT_SLUG,
                active: true,
                unlisted: false
            },
            select: {
                slug: true,
                name: true,
                nameEn: true,
                nameFr: true,
                nameDe: true,
                nameAr: true,
                nameZh: true,
                nameRu: true,
                nameEs: true,
                namePt: true,
                nameHi: true,
                nameJa: true,
                price: true,
                compareAtPrice: true,
                images: {
                    orderBy: {
                        position: "asc"
                    },
                    take: 1,
                    select: {
                        url: true
                    }
                }
            }
        }),
        __TURBOPACK__imported__module__$5b$project$5d2f$src$2f$lib$2f$db$2e$ts__$5b$app$2d$rsc$5d$__$28$ecmascript$29$__["db"].orderItem.groupBy({
            by: [
                "productId"
            ],
            where: {
                order: {
                    status: {
                        in: REVENUE_STATUSES
                    }
                }
            },
            _sum: {
                quantity: true
            },
            orderBy: {
                _sum: {
                    quantity: "desc"
                }
            },
            take: 10
        }),
        // Only real, written reviews — never fabricated copy. Highest-rated
        // first so the shelf leads with the store's best real feedback.
        __TURBOPACK__imported__module__$5b$project$5d2f$src$2f$lib$2f$db$2e$ts__$5b$app$2d$rsc$5d$__$28$ecmascript$29$__["db"].review.findMany({
            where: {
                comment: {
                    not: null
                }
            },
            orderBy: [
                {
                    rating: "desc"
                },
                {
                    createdAt: "desc"
                }
            ],
            take: 9,
            include: {
                user: {
                    select: {
                        name: true
                    }
                },
                product: {
                    select: {
                        name: true,
                        nameEn: true
                    }
                }
            }
        }),
        // Popular carousel: staff-pinned products take priority. When fewer
        // than 10 are pinned we also fetch a balanced pool of the three
        // category types and fill up from there (shuffled so the mix varies).
        Promise.all([
            __TURBOPACK__imported__module__$5b$project$5d2f$src$2f$lib$2f$db$2e$ts__$5b$app$2d$rsc$5d$__$28$ecmascript$29$__["db"].product.findMany({
                where: {
                    active: true,
                    unlisted: false,
                    featuredInCarousel: true
                },
                include: {
                    images: {
                        take: 1,
                        orderBy: {
                            position: "asc"
                        }
                    }
                }
            }),
            __TURBOPACK__imported__module__$5b$project$5d2f$src$2f$lib$2f$db$2e$ts__$5b$app$2d$rsc$5d$__$28$ecmascript$29$__["db"].product.findMany({
                where: {
                    active: true,
                    unlisted: false,
                    category: {
                        slug: {
                            startsWith: "collane"
                        }
                    }
                },
                take: 10,
                include: {
                    images: {
                        take: 1,
                        orderBy: {
                            position: "asc"
                        }
                    }
                }
            }),
            __TURBOPACK__imported__module__$5b$project$5d2f$src$2f$lib$2f$db$2e$ts__$5b$app$2d$rsc$5d$__$28$ecmascript$29$__["db"].product.findMany({
                where: {
                    active: true,
                    unlisted: false,
                    category: {
                        slug: {
                            startsWith: "bracciali"
                        }
                    }
                },
                take: 10,
                include: {
                    images: {
                        take: 1,
                        orderBy: {
                            position: "asc"
                        }
                    }
                }
            }),
            __TURBOPACK__imported__module__$5b$project$5d2f$src$2f$lib$2f$db$2e$ts__$5b$app$2d$rsc$5d$__$28$ecmascript$29$__["db"].product.findMany({
                where: {
                    active: true,
                    unlisted: false,
                    category: {
                        slug: {
                            startsWith: "orecchini"
                        }
                    }
                },
                take: 10,
                include: {
                    images: {
                        take: 1,
                        orderBy: {
                            position: "asc"
                        }
                    }
                }
            })
        ])
    ]);
    // Best sellers is real sales data (not a fixed shelf), so it fetches by
    // ID in ranked order rather than a single findMany — a plain where-in
    // query would come back in whatever order the database feels like.
    const [bestSellersUnordered, categoryImages] = await Promise.all([
        __TURBOPACK__imported__module__$5b$project$5d2f$src$2f$lib$2f$db$2e$ts__$5b$app$2d$rsc$5d$__$28$ecmascript$29$__["db"].product.findMany({
            where: {
                id: {
                    in: topSellingItems.map((item)=>item.productId)
                },
                active: true,
                unlisted: false
            },
            include: {
                images: {
                    take: 1,
                    orderBy: {
                        position: "asc"
                    }
                }
            }
        }),
        // One product image per category in a single round trip (DISTINCT ON): the
        // cover product chosen in Admin > Categories first, else the category's
        // oldest active product. Always that product's first photo, and no
        // RANDOM(): the tile must not change per visit. The join to "Category"
        // is what lets the ORDER BY compare against each row's own cover.
        categories.length > 0 ? __TURBOPACK__imported__module__$5b$project$5d2f$src$2f$lib$2f$db$2e$ts__$5b$app$2d$rsc$5d$__$28$ecmascript$29$__["db"].$queryRaw`
            SELECT DISTINCT ON ("Product"."categoryId") "Product"."categoryId" as "categoryId",
              "ProductImage"."url" as url, "ProductImage"."altText" as altText
            FROM "ProductImage"
            JOIN "Product" ON "Product"."id" = "ProductImage"."productId"
            JOIN "Category" ON "Category"."id" = "Product"."categoryId"
            WHERE "Product"."categoryId" IN (${__TURBOPACK__imported__module__$5b$externals$5d2f40$prisma$2f$client__$5b$external$5d$__$2840$prisma$2f$client$2c$__cjs$2c$__$5b$project$5d2f$node_modules$2f40$prisma$2f$client$29$__["Prisma"].join(categories.map((c)=>c.id))})
              AND "Product"."active" = true
              AND "Product"."unlisted" = false
            ORDER BY "Product"."categoryId",
              ("Product"."id" = "Category"."coverProductId") DESC,
              "Product"."createdAt", "Product"."id", "ProductImage"."position"
          ` : Promise.resolve([])
    ]);
    const bestSellers = topSellingItems.map((item)=>bestSellersUnordered.find((p)=>p.id === item.productId)).filter((p)=>p !== undefined);
    const imageByCategoryId = new Map(categoryImages.map((image)=>[
            image.categoryId,
            image
        ]));
    const categoriesWithImage = categories.map((category)=>({
            ...category,
            image: imageByCategoryId.get(category.id) ?? null
        }));
    const specialSelection = pickSpecialSelection(specialSelectionCandidates);
    // Staff-pinned products always appear first; fill remaining slots from
    // an interleaved, shuffled pool of the three category types.
    const [pinned, necklaces, bracelets, earrings] = popularByType;
    const pinnedWithImage = pinned.filter((p)=>p.images.length > 0);
    const interleaved = [];
    const pinnedIds = new Set(pinnedWithImage.map((p)=>p.id));
    const maxLen = Math.max(necklaces.length, bracelets.length, earrings.length);
    for(let i = 0; i < maxLen; i++){
        if (necklaces[i] && !pinnedIds.has(necklaces[i].id)) interleaved.push(necklaces[i]);
        if (bracelets[i] && !pinnedIds.has(bracelets[i].id)) interleaved.push(bracelets[i]);
        if (earrings[i] && !pinnedIds.has(earrings[i].id)) interleaved.push(earrings[i]);
    }
    const fallback = interleaved.filter((p)=>p.images.length > 0);
    for(let i = fallback.length - 1; i > 0; i--){
        const j = Math.floor(Math.random() * (i + 1));
        [fallback[i], fallback[j]] = [
            fallback[j],
            fallback[i]
        ];
    }
    const popularProducts = [
        ...pinnedWithImage,
        ...fallback
    ].slice(0, 10);
    return {
        products,
        specialSelection,
        categoriesWithImage,
        heroProduct,
        bestSellers,
        reviews,
        popularProducts
    };
}-homepage-data-[] background: #e6e6e6;background: light-dark(rgba(0,0,0,0.1), rgba(255,255,255,0.25));color: #000000;color: light-dark(#000000, #ffffff);border-radius: 2px  Server   PrismaClientKnownRequestError: 
Invalid `__TURBOPACK__imported__module__$5b$project$5d2f$src$2f$lib$2f$db$2e$ts__$5b$app$2d$rsc$5d$__$28$ecmascript$29$__["db"].product.findMany()` invocation in
/home/daniel/Desktop/E-Commerce/.next/dev/server/chunks/ssr/[root-of-the-server]__1pl7vy-._.js:6237:140

  6234 // than 10 are pinned we also fetch a balanced pool of the three
  6235 // category types and fill up from there (shuffled so the mix varies).
  6236 Promise.all([
→ 6237     __TURBOPACK__imported__module__$5b$project$5d2f$src$2f$lib$2f$db$2e$ts__$5b$app$2d$rsc$5d$__$28$ecmascript$29$__["db"].product.findMany(

    at Array.$allOperations (about://React/Server/file:///home/daniel/Desktop/E-Commerce/.next/dev/server/chunks/ssr/%5Broot-of-the-server%5D__1l0grja._.js?405:4088:28)
    at Function.all (<anonymous>:1:21)
    at Function.all (<anonymous>:1:21)
    at getHomepageData.revalidate (about://React/Server/file:///home/daniel/Desktop/E-Commerce/.next/dev/server/chunks/ssr/%5Broot-of-the-server%5D__1pl7vy-._.js?407:6093:118)
    at resolveErrorDev (http://localhost:3000/_next/static/chunks/node_modules_next_dist_compiled_react-server-dom-turbopack_164kp-6._.js:1937:105)
    at getOutlinedModel (http://localhost:3000/_next/static/chunks/node_modules_next_dist_compiled_react-server-dom-turbopack_164kp-6._.js:1487:28)
    at parseModelString (http://localhost:3000/_next/static/chunks/node_modules_next_dist_compiled_react-server-dom-turbopack_164kp-6._.js:1602:50)
    at reviveModel (http://localhost:3000/_next/static/chunks/node_modules_next_dist_compiled_react-server-dom-turbopack_164kp-6._.js:2544:66)
    at parseModel (http://localhost:3000/_next/static/chunks/node_modules_next_dist_compiled_react-server-dom-turbopack_164kp-6._.js:2539:16)
    at initializeModelChunk (http://localhost:3000/_next/static/chunks/node_modules_next_dist_compiled_react-server-dom-turbopack_164kp-6._.js:1100:25)
    at getOutlinedModel (http://localhost:3000/_next/static/chunks/node_modules_next_dist_compiled_react-server-dom-turbopack_164kp-6._.js:1423:17)
    at parseModelString (http://localhost:3000/_next/static/chunks/node_modules_next_dist_compiled_react-server-dom-turbopack_164kp-6._.js:1657:50)
    at reviveModel (http://localhost:3000/_next/static/chunks/node_modules_next_dist_compiled_react-server-dom-turbopack_164kp-6._.js:2544:66)
    at reviveModel (http://localhost:3000/_next/static/chunks/node_modules_next_dist_compiled_react-server-dom-turbopack_164kp-6._.js:2547:61)
    at parseModel (http://localhost:3000/_next/static/chunks/node_modules_next_dist_compiled_react-server-dom-turbopack_164kp-6._.js:2539:16)
    at initializeModelChunk (http://localhost:3000/_next/static/chunks/node_modules_next_dist_compiled_react-server-dom-turbopack_164kp-6._.js:1100:25)
    at resolveConsoleEntry (http://localhost:3000/_next/static/chunks/node_modules_next_dist_compiled_react-server-dom-turbopack_164kp-6._.js:2069:96)
    at processFullStringRow (http://localhost:3000/_next/static/chunks/node_modules_next_dist_compiled_react-server-dom-turbopack_164kp-6._.js:2475:17)
    at processFullBinaryRow (http://localhost:3000/_next/static/chunks/node_modules_next_dist_compiled_react-server-dom-turbopack_164kp-6._.js:2415:9)
    at processBinaryChunk (http://localhost:3000/_next/static/chunks/node_modules_next_dist_compiled_react-server-dom-turbopack_164kp-6._.js:2524:221)
    at progress (http://localhost:3000/_next/static/chunks/node_modules_next_dist_compiled_react-server-dom-turbopack_164kp-6._.js:2698:20) @ http://localhost:3000/_next/static/chunks/node_modules_next_dist_1e8vcs8._.js:1052
[  651689ms] [ERROR] %c%s%c [db] findUnique failed: code=P2021 → 8704         return await __TURBOPACK__imported__module__$5b$project$5d2f$src$2f$lib$2f$db$2e$ts__$5b$app$2d$rsc$5d$__$28$ecmascript$29$__["db"].pageMeta.findUnique( | The table `public.PageMeta` does not exist in the current database. background: #e6e6e6;background: light-dark(rgba(0,0,0,0.1), rgba(255,255,255,0.25));color: #000000;color: light-dark(#000000, #ffffff);border-radius: 2px  Server   @ http://localhost:3000/_next/static/chunks/node_modules_next_dist_1e8vcs8._.js:1052
[  651798ms] [LOG] [Fast Refresh] done in 2077ms @ http://localhost:3000/_next/static/chunks/node_modules_next_dist_1e8vcs8._.js:776
[  651853ms] [LOG] [Fast Refresh] done in 2077ms @ http://localhost:3000/_next/static/chunks/node_modules_next_dist_1e8vcs8._.js:776
[  652672ms] [LOG] [Fast Refresh] done in 2077ms @ http://localhost:3000/_next/static/chunks/node_modules_next_dist_1e8vcs8._.js:776
[  652711ms] [ERROR] %c%s%c [db] findUnique failed: code=P2021 → 3464         const row = await __TURBOPACK__imported__module__$5b$project$5d2f$src$2f$lib$2f$db$2e$ts__$5b$app$2d$rsc$5d$__$28$ecmascript$29$__["db"].pageLayout.findUnique( | The table `public.PageLayout` does not exist in the current database. background: #e6e6e6;background: light-dark(rgba(0,0,0,0.1), rgba(255,255,255,0.25));color: #000000;color: light-dark(#000000, #ffffff);border-radius: 2px  Server   @ http://localhost:3000/_next/static/chunks/node_modules_next_dist_1e8vcs8._.js:1052
[  652767ms] [LOG] [Fast Refresh] done in 2077ms @ http://localhost:3000/_next/static/chunks/node_modules_next_dist_1e8vcs8._.js:776
[  653212ms] [LOG] [Fast Refresh] done in 2077ms @ http://localhost:3000/_next/static/chunks/node_modules_next_dist_1e8vcs8._.js:776
[  653828ms] [LOG] [Fast Refresh] done in 2077ms @ http://localhost:3000/_next/static/chunks/node_modules_next_dist_1e8vcs8._.js:776
[  722503ms] [LOG] [Fast Refresh] rebuilding @ http://localhost:3000/_next/static/chunks/node_modules_next_dist_1e8vcs8._.js:776
[  724736ms] [LOG] [Fast Refresh] done in 2207ms @ http://localhost:3000/_next/static/chunks/node_modules_next_dist_1e8vcs8._.js:776
[  724920ms] [LOG] [Fast Refresh] done in 2207ms @ http://localhost:3000/_next/static/chunks/node_modules_next_dist_1e8vcs8._.js:776
[  727124ms] [ERROR] %c%s%c [db] findUnique failed: code=P2021 → 8704         return await __TURBOPACK__imported__module__$5b$project$5d2f$src$2f$lib$2f$db$2e$ts__$5b$app$2d$rsc$5d$__$28$ecmascript$29$__["db"].pageMeta.findUnique( | The table `public.PageMeta` does not exist in the current database. background: #e6e6e6;background: light-dark(rgba(0,0,0,0.1), rgba(255,255,255,0.25));color: #000000;color: light-dark(#000000, #ffffff);border-radius: 2px  Server   @ http://localhost:3000/_next/static/chunks/node_modules_next_dist_1e8vcs8._.js:1052
[  727197ms] [LOG] [Fast Refresh] done in 2207ms @ http://localhost:3000/_next/static/chunks/node_modules_next_dist_1e8vcs8._.js:776
[  727627ms] [ERROR] %c%s%c [db] findUnique failed: code=P2021 → 3464         const row = await __TURBOPACK__imported__module__$5b$project$5d2f$src$2f$lib$2f$db$2e$ts__$5b$app$2d$rsc$5d$__$28$ecmascript$29$__["db"].pageLayout.findUnique( | The table `public.PageLayout` does not exist in the current database. background: #e6e6e6;background: light-dark(rgba(0,0,0,0.1), rgba(255,255,255,0.25));color: #000000;color: light-dark(#000000, #ffffff);border-radius: 2px  Server   @ http://localhost:3000/_next/static/chunks/node_modules_next_dist_1e8vcs8._.js:1052
[  737620ms] [LOG] [Fast Refresh] rebuilding @ http://localhost:3000/_next/static/chunks/node_modules_next_dist_1e8vcs8._.js:776
[  741125ms] [LOG] [Fast Refresh] done in 3584ms @ http://localhost:3000/_next/static/chunks/node_modules_next_dist_1e8vcs8._.js:776
[  741179ms] [LOG] [Fast Refresh] done in 3584ms @ http://localhost:3000/_next/static/chunks/node_modules_next_dist_1e8vcs8._.js:776
[  741422ms] [LOG] [Fast Refresh] done in 3584ms @ http://localhost:3000/_next/static/chunks/node_modules_next_dist_1e8vcs8._.js:776
[  744959ms] [ERROR] %c%s%c [db] findUnique failed: code=P2021 → 8704         return await __TURBOPACK__imported__module__$5b$project$5d2f$src$2f$lib$2f$db$2e$ts__$5b$app$2d$rsc$5d$__$28$ecmascript$29$__["db"].pageMeta.findUnique( | The table `public.PageMeta` does not exist in the current database. background: #e6e6e6;background: light-dark(rgba(0,0,0,0.1), rgba(255,255,255,0.25));color: #000000;color: light-dark(#000000, #ffffff);border-radius: 2px  Server   @ http://localhost:3000/_next/static/chunks/node_modules_next_dist_1e8vcs8._.js:1052
[  745046ms] [LOG] [Fast Refresh] done in 3584ms @ http://localhost:3000/_next/static/chunks/node_modules_next_dist_1e8vcs8._.js:776
[  745382ms] [ERROR] %c%s%c [db] findUnique failed: code=P2021 → 3464         const row = await __TURBOPACK__imported__module__$5b$project$5d2f$src$2f$lib$2f$db$2e$ts__$5b$app$2d$rsc$5d$__$28$ecmascript$29$__["db"].pageLayout.findUnique( | The table `public.PageLayout` does not exist in the current database. background: #e6e6e6;background: light-dark(rgba(0,0,0,0.1), rgba(255,255,255,0.25));color: #000000;color: light-dark(#000000, #ffffff);border-radius: 2px  Server   @ http://localhost:3000/_next/static/chunks/node_modules_next_dist_1e8vcs8._.js:1052
[  745600ms] [LOG] [Fast Refresh] done in 3584ms @ http://localhost:3000/_next/static/chunks/node_modules_next_dist_1e8vcs8._.js:776
[  746162ms] [LOG] [Fast Refresh] done in 3584ms @ http://localhost:3000/_next/static/chunks/node_modules_next_dist_1e8vcs8._.js:776
[  747509ms] [LOG] [Fast Refresh] done in 3584ms @ http://localhost:3000/_next/static/chunks/node_modules_next_dist_1e8vcs8._.js:776
[  791976ms] [LOG] [Fast Refresh] rebuilding @ http://localhost:3000/_next/static/chunks/node_modules_next_dist_1e8vcs8._.js:776
[  792217ms] [LOG] [Fast Refresh] done in 239ms @ http://localhost:3000/_next/static/chunks/node_modules_next_dist_1e8vcs8._.js:776
[  792484ms] [LOG] [Fast Refresh] done in 239ms @ http://localhost:3000/_next/static/chunks/node_modules_next_dist_1e8vcs8._.js:776
[  793406ms] [ERROR] %c%s%c [db] findUnique failed: code=P2021 → 8704         return await __TURBOPACK__imported__module__$5b$project$5d2f$src$2f$lib$2f$db$2e$ts__$5b$app$2d$rsc$5d$__$28$ecmascript$29$__["db"].pageMeta.findUnique( | The table `public.PageMeta` does not exist in the current database. background: #e6e6e6;background: light-dark(rgba(0,0,0,0.1), rgba(255,255,255,0.25));color: #000000;color: light-dark(#000000, #ffffff);border-radius: 2px  Server   @ http://localhost:3000/_next/static/chunks/node_modules_next_dist_1e8vcs8._.js:1052
[  793480ms] [LOG] [Fast Refresh] done in 239ms @ http://localhost:3000/_next/static/chunks/node_modules_next_dist_1e8vcs8._.js:776
[  793906ms] [ERROR] %c%s%c [db] findUnique failed: code=P2021 → 3464         const row = await __TURBOPACK__imported__module__$5b$project$5d2f$src$2f$lib$2f$db$2e$ts__$5b$app$2d$rsc$5d$__$28$ecmascript$29$__["db"].pageLayout.findUnique( | The table `public.PageLayout` does not exist in the current database. background: #e6e6e6;background: light-dark(rgba(0,0,0,0.1), rgba(255,255,255,0.25));color: #000000;color: light-dark(#000000, #ffffff);border-radius: 2px  Server   @ http://localhost:3000/_next/static/chunks/node_modules_next_dist_1e8vcs8._.js:1052
[  794039ms] [LOG] [Fast Refresh] done in 239ms @ http://localhost:3000/_next/static/chunks/node_modules_next_dist_1e8vcs8._.js:776
[  794169ms] [LOG] [Fast Refresh] done in 239ms @ http://localhost:3000/_next/static/chunks/node_modules_next_dist_1e8vcs8._.js:776
[  794587ms] [LOG] [Fast Refresh] done in 239ms @ http://localhost:3000/_next/static/chunks/node_modules_next_dist_1e8vcs8._.js:776
[  821646ms] [LOG] [Fast Refresh] rebuilding @ http://localhost:3000/_next/static/chunks/node_modules_next_dist_1e8vcs8._.js:776
[  823526ms] [LOG] [Fast Refresh] done in 1956ms @ http://localhost:3000/_next/static/chunks/node_modules_next_dist_1e8vcs8._.js:776
[  823631ms] [LOG] [Fast Refresh] done in 1956ms @ http://localhost:3000/_next/static/chunks/node_modules_next_dist_1e8vcs8._.js:776
[  823953ms] [LOG] [Fast Refresh] done in 1956ms @ http://localhost:3000/_next/static/chunks/node_modules_next_dist_1e8vcs8._.js:776
[  825555ms] [ERROR] %c%s%c [db] findUnique failed: code=P2021 → 8704         return await __TURBOPACK__imported__module__$5b$project$5d2f$src$2f$lib$2f$db$2e$ts__$5b$app$2d$rsc$5d$__$28$ecmascript$29$__["db"].pageMeta.findUnique( | The table `public.PageMeta` does not exist in the current database. background: #e6e6e6;background: light-dark(rgba(0,0,0,0.1), rgba(255,255,255,0.25));color: #000000;color: light-dark(#000000, #ffffff);border-radius: 2px  Server   @ http://localhost:3000/_next/static/chunks/node_modules_next_dist_1e8vcs8._.js:1052
[  825627ms] [LOG] [Fast Refresh] done in 1956ms @ http://localhost:3000/_next/static/chunks/node_modules_next_dist_1e8vcs8._.js:776
[  825937ms] [ERROR] %c%s%c [db] findUnique failed: code=P2021 → 3464         const row = await __TURBOPACK__imported__module__$5b$project$5d2f$src$2f$lib$2f$db$2e$ts__$5b$app$2d$rsc$5d$__$28$ecmascript$29$__["db"].pageLayout.findUnique( | The table `public.PageLayout` does not exist in the current database. background: #e6e6e6;background: light-dark(rgba(0,0,0,0.1), rgba(255,255,255,0.25));color: #000000;color: light-dark(#000000, #ffffff);border-radius: 2px  Server   @ http://localhost:3000/_next/static/chunks/node_modules_next_dist_1e8vcs8._.js:1052
[  826021ms] [LOG] [Fast Refresh] done in 1956ms @ http://localhost:3000/_next/static/chunks/node_modules_next_dist_1e8vcs8._.js:776
[  826134ms] [LOG] [Fast Refresh] done in 1956ms @ http://localhost:3000/_next/static/chunks/node_modules_next_dist_1e8vcs8._.js:776
[  826633ms] [LOG] [Fast Refresh] done in 1956ms @ http://localhost:3000/_next/static/chunks/node_modules_next_dist_1e8vcs8._.js:776
[  827364ms] [LOG] [Fast Refresh] done in 1956ms @ http://localhost:3000/_next/static/chunks/node_modules_next_dist_1e8vcs8._.js:776
[  850409ms] [LOG] [Fast Refresh] rebuilding @ http://localhost:3000/_next/static/chunks/node_modules_next_dist_1e8vcs8._.js:776
[  852193ms] [LOG] [Fast Refresh] done in 1770ms @ http://localhost:3000/_next/static/chunks/node_modules_next_dist_1e8vcs8._.js:776
[  852499ms] [LOG] [Fast Refresh] done in 1770ms @ http://localhost:3000/_next/static/chunks/node_modules_next_dist_1e8vcs8._.js:776
[  854323ms] [ERROR] %c%s%c [db] findUnique failed: code=P2021 → 8704         return await __TURBOPACK__imported__module__$5b$project$5d2f$src$2f$lib$2f$db$2e$ts__$5b$app$2d$rsc$5d$__$28$ecmascript$29$__["db"].pageMeta.findUnique( | The table `public.PageMeta` does not exist in the current database. background: #e6e6e6;background: light-dark(rgba(0,0,0,0.1), rgba(255,255,255,0.25));color: #000000;color: light-dark(#000000, #ffffff);border-radius: 2px  Server   @ http://localhost:3000/_next/static/chunks/node_modules_next_dist_1e8vcs8._.js:1052
[  854568ms] [LOG] [Fast Refresh] done in 1770ms @ http://localhost:3000/_next/static/chunks/node_modules_next_dist_1e8vcs8._.js:776
[  855071ms] [ERROR] %c%s%c [db] findUnique failed: code=P2021 → 3464         const row = await __TURBOPACK__imported__module__$5b$project$5d2f$src$2f$lib$2f$db$2e$ts__$5b$app$2d$rsc$5d$__$28$ecmascript$29$__["db"].pageLayout.findUnique( | The table `public.PageLayout` does not exist in the current database. background: #e6e6e6;background: light-dark(rgba(0,0,0,0.1), rgba(255,255,255,0.25));color: #000000;color: light-dark(#000000, #ffffff);border-radius: 2px  Server   @ http://localhost:3000/_next/static/chunks/node_modules_next_dist_1e8vcs8._.js:1052
[  855355ms] [LOG] [Fast Refresh] done in 1770ms @ http://localhost:3000/_next/static/chunks/node_modules_next_dist_1e8vcs8._.js:776
[  856782ms] [LOG] [Fast Refresh] done in 1770ms @ http://localhost:3000/_next/static/chunks/node_modules_next_dist_1e8vcs8._.js:776
[  879472ms] [LOG] [Fast Refresh] rebuilding @ http://localhost:3000/_next/static/chunks/node_modules_next_dist_1e8vcs8._.js:776
[  879496ms] [LOG] [Fast Refresh] done in 124ms @ http://localhost:3000/_next/static/chunks/node_modules_next_dist_1e8vcs8._.js:776
[  886407ms] [LOG] [Fast Refresh] rebuilding @ http://localhost:3000/_next/static/chunks/node_modules_next_dist_1e8vcs8._.js:776
[  888899ms] [LOG] [Fast Refresh] done in 2583ms @ http://localhost:3000/_next/static/chunks/node_modules_next_dist_1e8vcs8._.js:776
[  889121ms] [LOG] [Fast Refresh] done in 2583ms @ http://localhost:3000/_next/static/chunks/node_modules_next_dist_1e8vcs8._.js:776
[  889182ms] [LOG] [Fast Refresh] done in 2583ms @ http://localhost:3000/_next/static/chunks/node_modules_next_dist_1e8vcs8._.js:776
[  890052ms] [ERROR] %c%s%c [db] findUnique failed: code=P2021 → 8704         return await __TURBOPACK__imported__module__$5b$project$5d2f$src$2f$lib$2f$db$2e$ts__$5b$app$2d$rsc$5d$__$28$ecmascript$29$__["db"].pageMeta.findUnique( | The table `public.PageMeta` does not exist in the current database. background: #e6e6e6;background: light-dark(rgba(0,0,0,0.1), rgba(255,255,255,0.25));color: #000000;color: light-dark(#000000, #ffffff);border-radius: 2px  Server   @ http://localhost:3000/_next/static/chunks/node_modules_next_dist_1e8vcs8._.js:1052
[  890116ms] [LOG] [Fast Refresh] done in 2583ms @ http://localhost:3000/_next/static/chunks/node_modules_next_dist_1e8vcs8._.js:776
[  890166ms] [LOG] [Fast Refresh] done in 2583ms @ http://localhost:3000/_next/static/chunks/node_modules_next_dist_1e8vcs8._.js:776
[  890429ms] [ERROR] %c%s%c [db] findUnique failed: code=P2021 → 3464         const row = await __TURBOPACK__imported__module__$5b$project$5d2f$src$2f$lib$2f$db$2e$ts__$5b$app$2d$rsc$5d$__$28$ecmascript$29$__["db"].pageLayout.findUnique( | The table `public.PageLayout` does not exist in the current database. background: #e6e6e6;background: light-dark(rgba(0,0,0,0.1), rgba(255,255,255,0.25));color: #000000;color: light-dark(#000000, #ffffff);border-radius: 2px  Server   @ http://localhost:3000/_next/static/chunks/node_modules_next_dist_1e8vcs8._.js:1052
[  891010ms] [LOG] [Fast Refresh] done in 2583ms @ http://localhost:3000/_next/static/chunks/node_modules_next_dist_1e8vcs8._.js:776
[  891085ms] [LOG] [Fast Refresh] done in 2583ms @ http://localhost:3000/_next/static/chunks/node_modules_next_dist_1e8vcs8._.js:776
[  892282ms] [LOG] [Fast Refresh] done in 2583ms @ http://localhost:3000/_next/static/chunks/node_modules_next_dist_1e8vcs8._.js:776
[  931691ms] [LOG] [Fast Refresh] rebuilding @ http://localhost:3000/_next/static/chunks/node_modules_next_dist_1e8vcs8._.js:776
[  944089ms] [LOG] [Fast Refresh] done in 12390ms @ http://localhost:3000/_next/static/chunks/node_modules_next_dist_1e8vcs8._.js:776
[  944265ms] [LOG] [Fast Refresh] done in 12390ms @ http://localhost:3000/_next/static/chunks/node_modules_next_dist_1e8vcs8._.js:776
[  944526ms] [LOG] [Fast Refresh] done in 12390ms @ http://localhost:3000/_next/static/chunks/node_modules_next_dist_1e8vcs8._.js:776
[  946032ms] [ERROR] %c%s%c [db] findUnique failed: code=P2021 → 8704         return await __TURBOPACK__imported__module__$5b$project$5d2f$src$2f$lib$2f$db$2e$ts__$5b$app$2d$rsc$5d$__$28$ecmascript$29$__["db"].pageMeta.findUnique( | The table `public.PageMeta` does not exist in the current database. background: #e6e6e6;background: light-dark(rgba(0,0,0,0.1), rgba(255,255,255,0.25));color: #000000;color: light-dark(#000000, #ffffff);border-radius: 2px  Server   @ http://localhost:3000/_next/static/chunks/node_modules_next_dist_1e8vcs8._.js:1052
[  946333ms] [LOG] [Fast Refresh] done in 12390ms @ http://localhost:3000/_next/static/chunks/node_modules_next_dist_1e8vcs8._.js:776
[  946802ms] [ERROR] %c%s%c [db] findUnique failed: code=P2021 → 3464         const row = await __TURBOPACK__imported__module__$5b$project$5d2f$src$2f$lib$2f$db$2e$ts__$5b$app$2d$rsc$5d$__$28$ecmascript$29$__["db"].pageLayout.findUnique( | The table `public.PageLayout` does not exist in the current database. background: #e6e6e6;background: light-dark(rgba(0,0,0,0.1), rgba(255,255,255,0.25));color: #000000;color: light-dark(#000000, #ffffff);border-radius: 2px  Server   @ http://localhost:3000/_next/static/chunks/node_modules_next_dist_1e8vcs8._.js:1052
[  946943ms] [LOG] [Fast Refresh] done in 12390ms @ http://localhost:3000/_next/static/chunks/node_modules_next_dist_1e8vcs8._.js:776
[  948369ms] [LOG] [Fast Refresh] rebuilding @ http://localhost:3000/_next/static/chunks/node_modules_next_dist_1e8vcs8._.js:776
[  948396ms] [LOG] [Fast Refresh] done in 127ms @ http://localhost:3000/_next/static/chunks/node_modules_next_dist_1e8vcs8._.js:776
[ 1005150ms] [LOG] [Fast Refresh] rebuilding @ http://localhost:3000/_next/static/chunks/node_modules_next_dist_1e8vcs8._.js:776
[ 1006793ms] [LOG] [Fast Refresh] done in 1743ms @ http://localhost:3000/_next/static/chunks/node_modules_next_dist_1e8vcs8._.js:776
[ 1073584ms] [LOG] [Fast Refresh] rebuilding @ http://localhost:3000/_next/static/chunks/node_modules_next_dist_1e8vcs8._.js:776
[ 1076083ms] [LOG] [Fast Refresh] done in 2567ms @ http://localhost:3000/_next/static/chunks/node_modules_next_dist_1e8vcs8._.js:776
[ 1076227ms] [LOG] [Fast Refresh] done in 2567ms @ http://localhost:3000/_next/static/chunks/node_modules_next_dist_1e8vcs8._.js:776
[ 1076393ms] [LOG] [Fast Refresh] done in 2567ms @ http://localhost:3000/_next/static/chunks/node_modules_next_dist_1e8vcs8._.js:776
[ 1077994ms] [ERROR] %c%s%c [db] findUnique failed: code=P2021 → 8704         return await __TURBOPACK__imported__module__$5b$project$5d2f$src$2f$lib$2f$db$2e$ts__$5b$app$2d$rsc$5d$__$28$ecmascript$29$__["db"].pageMeta.findUnique( | The table `public.PageMeta` does not exist in the current database. background: #e6e6e6;background: light-dark(rgba(0,0,0,0.1), rgba(255,255,255,0.25));color: #000000;color: light-dark(#000000, #ffffff);border-radius: 2px  Server   @ http://localhost:3000/_next/static/chunks/node_modules_next_dist_1e8vcs8._.js:1052
[ 1078061ms] [LOG] [Fast Refresh] done in 2567ms @ http://localhost:3000/_next/static/chunks/node_modules_next_dist_1e8vcs8._.js:776
[ 1078394ms] [ERROR] %c%s%c [db] findUnique failed: code=P2021 → 3464         const row = await __TURBOPACK__imported__module__$5b$project$5d2f$src$2f$lib$2f$db$2e$ts__$5b$app$2d$rsc$5d$__$28$ecmascript$29$__["db"].pageLayout.findUnique( | The table `public.PageLayout` does not exist in the current database. background: #e6e6e6;background: light-dark(rgba(0,0,0,0.1), rgba(255,255,255,0.25));color: #000000;color: light-dark(#000000, #ffffff);border-radius: 2px  Server   @ http://localhost:3000/_next/static/chunks/node_modules_next_dist_1e8vcs8._.js:1052
[ 1078472ms] [LOG] [Fast Refresh] done in 2567ms @ http://localhost:3000/_next/static/chunks/node_modules_next_dist_1e8vcs8._.js:776
[ 1078536ms] [LOG] [Fast Refresh] done in 2567ms @ http://localhost:3000/_next/static/chunks/node_modules_next_dist_1e8vcs8._.js:776
[ 1104467ms] [LOG] [Fast Refresh] rebuilding @ http://localhost:3000/_next/static/chunks/node_modules_next_dist_1e8vcs8._.js:776
[ 1104586ms] [LOG] [Fast Refresh] done in 220ms @ http://localhost:3000/_next/static/chunks/node_modules_next_dist_1e8vcs8._.js:776
[ 1153721ms] [LOG] [Fast Refresh] rebuilding @ http://localhost:3000/_next/static/chunks/node_modules_next_dist_1e8vcs8._.js:776
[ 1155922ms] [LOG] [Fast Refresh] done in 2290ms @ http://localhost:3000/_next/static/chunks/node_modules_next_dist_1e8vcs8._.js:776
[ 1156117ms] [LOG] [Fast Refresh] done in 2290ms @ http://localhost:3000/_next/static/chunks/node_modules_next_dist_1e8vcs8._.js:776
[ 1156299ms] [LOG] [Fast Refresh] done in 2290ms @ http://localhost:3000/_next/static/chunks/node_modules_next_dist_1e8vcs8._.js:776
[ 1157497ms] [ERROR] %c%s%c [db] findUnique failed: code=P2021 → 8704         return await __TURBOPACK__imported__module__$5b$project$5d2f$src$2f$lib$2f$db$2e$ts__$5b$app$2d$rsc$5d$__$28$ecmascript$29$__["db"].pageMeta.findUnique( | The table `public.PageMeta` does not exist in the current database. background: #e6e6e6;background: light-dark(rgba(0,0,0,0.1), rgba(255,255,255,0.25));color: #000000;color: light-dark(#000000, #ffffff);border-radius: 2px  Server   @ http://localhost:3000/_next/static/chunks/node_modules_next_dist_1e8vcs8._.js:1052
[ 1157571ms] [LOG] [Fast Refresh] done in 2290ms @ http://localhost:3000/_next/static/chunks/node_modules_next_dist_1e8vcs8._.js:776
[ 1157633ms] [LOG] [Fast Refresh] done in 2290ms @ http://localhost:3000/_next/static/chunks/node_modules_next_dist_1e8vcs8._.js:776
[ 1158029ms] [ERROR] %c%s%c [db] findUnique failed: code=P2021 → 3464         const row = await __TURBOPACK__imported__module__$5b$project$5d2f$src$2f$lib$2f$db$2e$ts__$5b$app$2d$rsc$5d$__$28$ecmascript$29$__["db"].pageLayout.findUnique( | The table `public.PageLayout` does not exist in the current database. background: #e6e6e6;background: light-dark(rgba(0,0,0,0.1), rgba(255,255,255,0.25));color: #000000;color: light-dark(#000000, #ffffff);border-radius: 2px  Server   @ http://localhost:3000/_next/static/chunks/node_modules_next_dist_1e8vcs8._.js:1052
[ 1158131ms] [LOG] [Fast Refresh] done in 2290ms @ http://localhost:3000/_next/static/chunks/node_modules_next_dist_1e8vcs8._.js:776
[ 1158173ms] [LOG] [Fast Refresh] done in 2290ms @ http://localhost:3000/_next/static/chunks/node_modules_next_dist_1e8vcs8._.js:776
[ 1159571ms] [LOG] [Fast Refresh] done in 2290ms @ http://localhost:3000/_next/static/chunks/node_modules_next_dist_1e8vcs8._.js:776
[ 1222567ms] [LOG] [Fast Refresh] rebuilding @ http://localhost:3000/_next/static/chunks/node_modules_next_dist_1e8vcs8._.js:776
[ 1224373ms] [LOG] [Fast Refresh] done in 1814ms @ http://localhost:3000/_next/static/chunks/node_modules_next_dist_1e8vcs8._.js:776
[ 1224505ms] [LOG] [Fast Refresh] done in 1814ms @ http://localhost:3000/_next/static/chunks/node_modules_next_dist_1e8vcs8._.js:776
[ 1225906ms] [ERROR] %c%s%c [db] findUnique failed: code=P2021 → 8704         return await __TURBOPACK__imported__module__$5b$project$5d2f$src$2f$lib$2f$db$2e$ts__$5b$app$2d$rsc$5d$__$28$ecmascript$29$__["db"].pageMeta.findUnique( | The table `public.PageMeta` does not exist in the current database. background: #e6e6e6;background: light-dark(rgba(0,0,0,0.1), rgba(255,255,255,0.25));color: #000000;color: light-dark(#000000, #ffffff);border-radius: 2px  Server   @ http://localhost:3000/_next/static/chunks/node_modules_next_dist_1e8vcs8._.js:1052
[ 1225999ms] [LOG] [Fast Refresh] done in 1814ms @ http://localhost:3000/_next/static/chunks/node_modules_next_dist_1e8vcs8._.js:776
[ 1226395ms] [ERROR] %c%s%c [db] findUnique failed: code=P2021 → 3464         const row = await __TURBOPACK__imported__module__$5b$project$5d2f$src$2f$lib$2f$db$2e$ts__$5b$app$2d$rsc$5d$__$28$ecmascript$29$__["db"].pageLayout.findUnique( | The table `public.PageLayout` does not exist in the current database. background: #e6e6e6;background: light-dark(rgba(0,0,0,0.1), rgba(255,255,255,0.25));color: #000000;color: light-dark(#000000, #ffffff);border-radius: 2px  Server   @ http://localhost:3000/_next/static/chunks/node_modules_next_dist_1e8vcs8._.js:1052
[ 1226478ms] [LOG] [Fast Refresh] done in 1814ms @ http://localhost:3000/_next/static/chunks/node_modules_next_dist_1e8vcs8._.js:776
[ 1226516ms] [LOG] [Fast Refresh] done in 1814ms @ http://localhost:3000/_next/static/chunks/node_modules_next_dist_1e8vcs8._.js:776
[ 1227094ms] [LOG] [Fast Refresh] done in 1814ms @ http://localhost:3000/_next/static/chunks/node_modules_next_dist_1e8vcs8._.js:776
[ 1246149ms] [LOG] [Fast Refresh] rebuilding @ http://localhost:3000/_next/static/chunks/node_modules_next_dist_1e8vcs8._.js:776
[ 1249005ms] [LOG] [Fast Refresh] done in 2849ms @ http://localhost:3000/_next/static/chunks/node_modules_next_dist_1e8vcs8._.js:776
[ 1251049ms] [ERROR] %c%s%c [db] findUnique failed: code=P2021 → 8704         return await __TURBOPACK__imported__module__$5b$project$5d2f$src$2f$lib$2f$db$2e$ts__$5b$app$2d$rsc$5d$__$28$ecmascript$29$__["db"].pageMeta.findUnique( | The table `public.PageMeta` does not exist in the current database. background: #e6e6e6;background: light-dark(rgba(0,0,0,0.1), rgba(255,255,255,0.25));color: #000000;color: light-dark(#000000, #ffffff);border-radius: 2px  Server   @ http://localhost:3000/_next/static/chunks/node_modules_next_dist_1e8vcs8._.js:1052
[ 1251535ms] [ERROR] %c%s%c [db] findUnique failed: code=P2021 → 3464         const row = await __TURBOPACK__imported__module__$5b$project$5d2f$src$2f$lib$2f$db$2e$ts__$5b$app$2d$rsc$5d$__$28$ecmascript$29$__["db"].pageLayout.findUnique( | The table `public.PageLayout` does not exist in the current database. background: #e6e6e6;background: light-dark(rgba(0,0,0,0.1), rgba(255,255,255,0.25));color: #000000;color: light-dark(#000000, #ffffff);border-radius: 2px  Server   @ http://localhost:3000/_next/static/chunks/node_modules_next_dist_1e8vcs8._.js:1052
[ 1253404ms] [LOG] [Fast Refresh] rebuilding @ http://localhost:3000/_next/static/chunks/node_modules_next_dist_1e8vcs8._.js:776
[ 1253518ms] [LOG] [Fast Refresh] done in 214ms @ http://localhost:3000/_next/static/chunks/node_modules_next_dist_1e8vcs8._.js:776
[ 1327157ms] [LOG] [Fast Refresh] rebuilding @ http://localhost:3000/_next/static/chunks/node_modules_next_dist_1e8vcs8._.js:776
[ 1327516ms] [LOG] [Fast Refresh] done in 460ms @ http://localhost:3000/_next/static/chunks/node_modules_next_dist_1e8vcs8._.js:776
[ 1344343ms] [LOG] [Fast Refresh] rebuilding @ http://localhost:3000/_next/static/chunks/node_modules_next_dist_1e8vcs8._.js:776
[ 1346336ms] [LOG] [Fast Refresh] done in 2081ms @ http://localhost:3000/_next/static/chunks/node_modules_next_dist_1e8vcs8._.js:776
[ 1346540ms] [LOG] [Fast Refresh] done in 2081ms @ http://localhost:3000/_next/static/chunks/node_modules_next_dist_1e8vcs8._.js:776
[ 1347957ms] [ERROR] %c%s%c [db] findUnique failed: code=P2021 → 8704         return await __TURBOPACK__imported__module__$5b$project$5d2f$src$2f$lib$2f$db$2e$ts__$5b$app$2d$rsc$5d$__$28$ecmascript$29$__["db"].pageMeta.findUnique( | The table `public.PageMeta` does not exist in the current database. background: #e6e6e6;background: light-dark(rgba(0,0,0,0.1), rgba(255,255,255,0.25));color: #000000;color: light-dark(#000000, #ffffff);border-radius: 2px  Server   @ http://localhost:3000/_next/static/chunks/node_modules_next_dist_1e8vcs8._.js:1052
[ 1348617ms] [ERROR] %c%s%c [db] findUnique failed: code=P2021 → 3464         const row = await __TURBOPACK__imported__module__$5b$project$5d2f$src$2f$lib$2f$db$2e$ts__$5b$app$2d$rsc$5d$__$28$ecmascript$29$__["db"].pageLayout.findUnique( | The table `public.PageLayout` does not exist in the current database. background: #e6e6e6;background: light-dark(rgba(0,0,0,0.1), rgba(255,255,255,0.25));color: #000000;color: light-dark(#000000, #ffffff);border-radius: 2px  Server   @ http://localhost:3000/_next/static/chunks/node_modules_next_dist_1e8vcs8._.js:1052
[ 1389632ms] [LOG] [Fast Refresh] rebuilding @ http://localhost:3000/_next/static/chunks/node_modules_next_dist_1e8vcs8._.js:776
[ 1393066ms] [LOG] [Fast Refresh] done in 3406ms @ http://localhost:3000/_next/static/chunks/node_modules_next_dist_1e8vcs8._.js:776
[ 1393168ms] [LOG] [Fast Refresh] done in 3406ms @ http://localhost:3000/_next/static/chunks/node_modules_next_dist_1e8vcs8._.js:776
[ 1394819ms] [ERROR] %c%s%c [db] findUnique failed: code=P2021 → 8704         return await __TURBOPACK__imported__module__$5b$project$5d2f$src$2f$lib$2f$db$2e$ts__$5b$app$2d$rsc$5d$__$28$ecmascript$29$__["db"].pageMeta.findUnique( | The table `public.PageMeta` does not exist in the current database. background: #e6e6e6;background: light-dark(rgba(0,0,0,0.1), rgba(255,255,255,0.25));color: #000000;color: light-dark(#000000, #ffffff);border-radius: 2px  Server   @ http://localhost:3000/_next/static/chunks/node_modules_next_dist_1e8vcs8._.js:1052
[ 1394871ms] [LOG] [Fast Refresh] done in 3406ms @ http://localhost:3000/_next/static/chunks/node_modules_next_dist_1e8vcs8._.js:776
[ 1395259ms] [ERROR] %c%s%c [db] findUnique failed: code=P2021 → 3464         const row = await __TURBOPACK__imported__module__$5b$project$5d2f$src$2f$lib$2f$db$2e$ts__$5b$app$2d$rsc$5d$__$28$ecmascript$29$__["db"].pageLayout.findUnique( | The table `public.PageLayout` does not exist in the current database. background: #e6e6e6;background: light-dark(rgba(0,0,0,0.1), rgba(255,255,255,0.25));color: #000000;color: light-dark(#000000, #ffffff);border-radius: 2px  Server   @ http://localhost:3000/_next/static/chunks/node_modules_next_dist_1e8vcs8._.js:1052
[ 1395353ms] [LOG] [Fast Refresh] done in 3406ms @ http://localhost:3000/_next/static/chunks/node_modules_next_dist_1e8vcs8._.js:776
[ 1395392ms] [LOG] [Fast Refresh] done in 3406ms @ http://localhost:3000/_next/static/chunks/node_modules_next_dist_1e8vcs8._.js:776
[ 1396873ms] [LOG] [Fast Refresh] done in 3406ms @ http://localhost:3000/_next/static/chunks/node_modules_next_dist_1e8vcs8._.js:776
[ 1483879ms] [LOG] [Fast Refresh] rebuilding @ http://localhost:3000/_next/static/chunks/node_modules_next_dist_1e8vcs8._.js:776
[ 1484061ms] [LOG] [Fast Refresh] done in 283ms @ http://localhost:3000/_next/static/chunks/node_modules_next_dist_1e8vcs8._.js:776
[ 1485468ms] [LOG] [Fast Refresh] rebuilding @ http://localhost:3000/_next/static/chunks/node_modules_next_dist_1e8vcs8._.js:776
[ 1485679ms] [LOG] [Fast Refresh] done in 312ms @ http://localhost:3000/_next/static/chunks/node_modules_next_dist_1e8vcs8._.js:776
[ 1562794ms] [LOG] [Fast Refresh] rebuilding @ http://localhost:3000/_next/static/chunks/node_modules_next_dist_1e8vcs8._.js:776
[ 1562947ms] [LOG] [Fast Refresh] done in 184ms @ http://localhost:3000/_next/static/chunks/node_modules_next_dist_1e8vcs8._.js:776
[ 1563206ms] [LOG] [Fast Refresh] done in 184ms @ http://localhost:3000/_next/static/chunks/node_modules_next_dist_1e8vcs8._.js:776
[ 1564448ms] [ERROR] %c%s%c [db] findUnique failed: code=P2021 → 8704         return await __TURBOPACK__imported__module__$5b$project$5d2f$src$2f$lib$2f$db$2e$ts__$5b$app$2d$rsc$5d$__$28$ecmascript$29$__["db"].pageMeta.findUnique( | The table `public.PageMeta` does not exist in the current database. background: #e6e6e6;background: light-dark(rgba(0,0,0,0.1), rgba(255,255,255,0.25));color: #000000;color: light-dark(#000000, #ffffff);border-radius: 2px  Server   @ http://localhost:3000/_next/static/chunks/node_modules_next_dist_1e8vcs8._.js:1052
[ 1564579ms] [LOG] [Fast Refresh] done in 184ms @ http://localhost:3000/_next/static/chunks/node_modules_next_dist_1e8vcs8._.js:776
[ 1565725ms] [ERROR] %c%s%c [db] findUnique failed: code=P2021 → 3464         const row = await __TURBOPACK__imported__module__$5b$project$5d2f$src$2f$lib$2f$db$2e$ts__$5b$app$2d$rsc$5d$__$28$ecmascript$29$__["db"].pageLayout.findUnique( | The table `public.PageLayout` does not exist in the current database. background: #e6e6e6;background: light-dark(rgba(0,0,0,0.1), rgba(255,255,255,0.25));color: #000000;color: light-dark(#000000, #ffffff);border-radius: 2px  Server   @ http://localhost:3000/_next/static/chunks/node_modules_next_dist_1e8vcs8._.js:1052
[ 1566154ms] [LOG] [Fast Refresh] done in 184ms @ http://localhost:3000/_next/static/chunks/node_modules_next_dist_1e8vcs8._.js:776
[ 1566177ms] [LOG] [Fast Refresh] done in 184ms @ http://localhost:3000/_next/static/chunks/node_modules_next_dist_1e8vcs8._.js:776
[ 1566192ms] [LOG] [Fast Refresh] done in 184ms @ http://localhost:3000/_next/static/chunks/node_modules_next_dist_1e8vcs8._.js:776
[ 1568137ms] [LOG] [Fast Refresh] done in 184ms @ http://localhost:3000/_next/static/chunks/node_modules_next_dist_1e8vcs8._.js:776
[ 1603216ms] [LOG] [Fast Refresh] done in 184ms @ http://localhost:3000/_next/static/chunks/node_modules_next_dist_1e8vcs8._.js:776
